  generated E8_4e06446fad301b133 (441s)
base 40204 E8/L1.20/pos3: intake PASS (441s)
  generated E8_aa4ca4a2da4e3c18e (430s)
base 40205 E8/L1.20/pos4: intake PASS (430s)
  generated E8_5bc3ab0bd8f0193fc (428s)
base 40206 E8/L1.20/pos5: intake PASS (428s)
  generated E8_d542a415b0525aac8 (430s)
base 40207 E8/L1.20/pos6: intake PASS (430s)
  generated E8_d9f2a60d1e016af73 (432s)
base 40208 E8/L1.20/pos7: intake PASS (432s)
  generated E8_d49fe941f5eace1a1 (431s)
base 40209 E8/L1.20/pos8: intake PASS (431s)
  generated E8_0796de4fcfce1281c (431s)
base 40210 E8/L1.20/pos9: intake PASS (431s)
  generated E8_63ffb47ad86283122 (437s)
base 40211 E8/L1.20/pos10: intake PASS (437s)
  generated E8_cf1400aa2aed83f05 (433s)
base 40212 E8/L1.20/pos11: intake PASS (433s)
  generated E8_a4925ce5d77cb9e4c (430s)
PC-1 40204:glide_A: rel=5.985e-08 match (430s)
  generated E8_5623815f48ba9aae7 (432s)
PC-1 40204:glide_B: rel=6.266e-08 match (432s)
  generated E8_30ab964df437ece1a (430s)
PC-1 40205:glide_A: rel=6.566e-08 match (430s)
  generated E8_bf637df9d79e64b14 (431s)
PC-1 40205:glide_B: rel=6.872e-08 match (431s)
  generated E8_ea41c96dea97959fd (431s)
PC-1 40206:glide_A: rel=5.939e-08 match (432s)
  generated E8_500cfec87d6f6e4e6 (430s)
PC-1 40206:glide_B: rel=6.311e-08 match (430s)
  generated E8_07eb2bf8235592564 (431s)
PC-1 40207:glide_A: rel=6.964e-08 match (431s)
  generated E8_6f2ee767f5faf844b (435s)
PC-1 40207:glide_B: rel=7.282e-08 match (436s)
  generated E8_364b228ec373f80a6 (432s)
PC-1 40208:glide_A: rel=5.787e-08 match (432s)
  generated E8_7cbea8b440be42ec5 (433s)
PC-1 40208:glide_B: rel=6.097e-08 match (433s)
  generated E8_319ac85120a5ef2f1 (436s)
PC-1 40209:glide_A: rel=5.964e-08 match (436s)
  generated E8_71e41988509e2fdae (435s)
PC-1 40209:glide_B: rel=6.329e-08 match (435s)
  generated E8_0cd681f349e1055ec (435s)
PC-1 40210:glide_A: rel=6.341e-08 match (435s)
  generated E8_a7b44ddc7bb7ee203 (439s)
PC-1 40210:glide_B: rel=6.648e-08 match (439s)
  generated E8_16e56e12a7757dcb7 (437s)
PC-1 40211:glide_A: rel=6.438e-08 match (437s)
  generated E8_b4cc0c056ea3ad38f (430s)
PC-1 40211:glide_B: rel=6.953e-08 match (430s)
  generated E8_38bc061400c55fb27 (431s)
PC-1 40212:glide_A: rel=6.297e-08 match (431s)
  generated E8_b88bdcaf0a284bdca (434s)
PC-1 40212:glide_B: rel=6.573e-08 match (434s)
  generated E8_19bc824c0b6fb8b8b (435s)
PC-1 40201:glide_A: rel=5.964e-08 match (435s)
  generated E8_cf09b60408eab4345 (433s)
PC-1 40201:glide_B: rel=6.363e-08 match (433s)
  generated E8_a2f3f21749be8d7bb (432s)
PC-1 40202:glide_A: rel=6.275e-08 match (432s)
  generated E8_60dd3a0327f899598 (432s)
PC-1 40202:glide_B: rel=6.544e-08 match (432s)
  generated E8_cfc2e178ed849c8f2 (433s)
PC-1 40203:glide_A: rel=6.669e-08 match (433s)
  generated E8_16bab1308e154de2e (433s)
PC-1 40203:glide_B: rel=7.196e-08 match (433s)
D3_PASS = True | stage: complete | gates: {"G_pins_loaded": true, "G_engine_inventory": true, "G_script_sha": true, "G_phaseC_members": true, "G_external_loader_sha": true, "G_a11_freeze_sha": true, "G_a11_generator_cell_sha": true, "G_env_lock": true, "G_ct_commit": true, "G_ct_origin": true, "G_ct_clean": true, "G_ct_dependencies_present": true, "G_registry_source_bound": true, "G_config_map_bound": true, "G_case_table_bound": true, "G_d1_trusted": true, "G_bridge_quadrature": true, "G_all_bases_generated": true, "G_all_base_intakes_pass": true, "G_all_cases_evaluated": true, "G_evidence_saved": true}
