  generated E8_056b38831f61050c6 (175s)
base 40304 E8/L1.50/pos3: intake PASS (175s)
  generated E8_628921f63fb7ec1ed (164s)
base 40305 E8/L1.50/pos4: intake PASS (164s)
  generated E8_40a6832f52af016a6 (166s)
base 40306 E8/L1.50/pos5: intake PASS (166s)
  generated E8_dbc5c4824f9750617 (164s)
base 40307 E8/L1.50/pos6: intake PASS (164s)
  generated E8_acd3bf6835fb071d0 (165s)
base 40308 E8/L1.50/pos7: intake PASS (165s)
  generated E8_548d0ca0573554cd6 (164s)
base 40309 E8/L1.50/pos8: intake PASS (164s)
  generated E8_42756c7859d07e814 (163s)
base 40310 E8/L1.50/pos9: intake PASS (163s)
  generated E8_4383671f390df7aab (165s)
base 40311 E8/L1.50/pos10: intake PASS (165s)
  generated E8_8317bc0b50d5f70c6 (161s)
base 40312 E8/L1.50/pos11: intake PASS (161s)
  generated E8_47cee621ee75580e2 (164s)
PC-1 40304:glide_A: rel=4.346e-08 match (164s)
  generated E8_e152b1893ef82a934 (167s)
PC-1 40304:glide_B: rel=4.494e-08 match (167s)
  generated E8_79adf9fdfe267a912 (165s)
PC-1 40305:glide_A: rel=4.576e-08 match (165s)
  generated E8_2403cfa15f7c22632 (162s)
PC-1 40305:glide_B: rel=4.787e-08 match (162s)
  generated E8_7713cd98981ecef9d (165s)
PC-1 40306:glide_A: rel=3.933e-08 match (165s)
  generated E8_69183162e9f7801db (165s)
PC-1 40306:glide_B: rel=4.212e-08 match (165s)
  generated E8_48131e7fe5adeb76a (168s)
PC-1 40307:glide_A: rel=5.064e-08 match (168s)
  generated E8_58de35e849ae28160 (167s)
PC-1 40307:glide_B: rel=5.281e-08 match (167s)
  generated E8_4b0b514d19fb6bee1 (166s)
PC-1 40308:glide_A: rel=4.321e-08 match (166s)
  generated E8_cd58f07490e7e0adb (167s)
PC-1 40308:glide_B: rel=4.490e-08 match (167s)
  generated E8_ceb54b0f244b823cf (167s)
PC-1 40309:glide_A: rel=3.525e-08 match (167s)
  generated E8_8a507fc9081c7eb44 (161s)
PC-1 40309:glide_B: rel=3.896e-08 match (161s)
  generated E8_5899ad2324c513b79 (162s)
PC-1 40310:glide_A: rel=4.588e-08 match (162s)
  generated E8_2916ec9f88524cffb (162s)
PC-1 40310:glide_B: rel=4.788e-08 match (162s)
  generated E8_6e612d8394e97f89f (160s)
PC-1 40311:glide_A: rel=3.915e-08 match (160s)
  generated E8_134cad0da0f912c59 (164s)
PC-1 40311:glide_B: rel=4.239e-08 match (164s)
  generated E8_06104e714a10298a0 (162s)
PC-1 40312:glide_A: rel=4.340e-08 match (162s)
  generated E8_c9cfcd0b80d561261 (159s)
PC-1 40312:glide_B: rel=4.321e-08 match (159s)
  generated E8_943c5789bf02968d1 (158s)
PC-1 40301:glide_A: rel=4.113e-08 match (158s)
  generated E8_408684a5fa14cb6b6 (159s)
PC-1 40301:glide_B: rel=4.243e-08 match (159s)
  generated E8_09fb70761357a0b21 (161s)
PC-1 40302:glide_A: rel=4.488e-08 match (161s)
  generated E8_913eae8aca8fea544 (162s)
PC-1 40302:glide_B: rel=4.566e-08 match (162s)
  generated E8_684b562ed48b0c3d1 (161s)
PC-1 40303:glide_A: rel=4.261e-08 match (161s)
  generated E8_43ea2bf4e5a6e7d2f (161s)
PC-1 40303:glide_B: rel=4.653e-08 match (161s)
D3_PASS = True | stage: complete | gates: {"G_pins_loaded": true, "G_engine_inventory": true, "G_script_sha": true, "G_phaseC_members": true, "G_external_loader_sha": true, "G_a11_freeze_sha": true, "G_a11_generator_cell_sha": true, "G_env_lock": true, "G_ct_commit": true, "G_ct_origin": true, "G_ct_clean": true, "G_ct_dependencies_present": true, "G_registry_source_bound": true, "G_config_map_bound": true, "G_case_table_bound": true, "G_d1_trusted": true, "G_bridge_quadrature": true, "G_all_bases_generated": true, "G_all_base_intakes_pass": true, "G_all_cases_evaluated": true, "G_evidence_saved": true}
