  generated ref_E7_b0 (1000000 rows, 112s)
  generated ref_E7_b1 (3000000 rows, 235s)
  generated ref_E7_fit (200000 rows, 16s)
  generated cfg30101_b0 (1000000 rows, 331s)
  generated cfg30101_b1 (3000000 rows, 661s)
  generated cfg30101_fit (200000 rows, 45s)
  generated cfg30101_w2 (200000 rows, 22s)
config 30101 done (1060s)
  generated cfg30102_b0 (1000000 rows, 228s)
  generated cfg30102_b1 (3000000 rows, 664s)
  generated cfg30102_fit (200000 rows, 45s)
  generated cfg30102_w2 (200000 rows, 24s)
config 30102 done (962s)
  generated cfg30103_b0 (1000000 rows, 219s)
  generated cfg30103_b1 (3000000 rows, 677s)
  generated cfg30103_fit (200000 rows, 45s)
  generated cfg30103_w2 (200000 rows, 22s)
config 30103 done (964s)
  generated cfg30201_b0 (1000000 rows, 226s)
  generated cfg30201_b1 (3000000 rows, 689s)
  generated cfg30201_fit (200000 rows, 44s)
  generated cfg30201_w2 (200000 rows, 26s)
config 30201 done (986s)
  generated cfg30202_b0 (1000000 rows, 221s)
  generated cfg30202_b1 (3000000 rows, 675s)
  generated cfg30202_fit (200000 rows, 47s)
  generated cfg30202_w2 (200000 rows, 25s)
config 30202 done (969s)
  generated cfg30203_b0 (1000000 rows, 224s)
  generated cfg30203_b1 (3000000 rows, 666s)
  generated cfg30203_fit (200000 rows, 50s)
  generated cfg30203_w2 (200000 rows, 25s)
config 30203 done (967s)
  generated cfg30301_b0 (1000000 rows, 221s)
  generated cfg30301_b1 (3000000 rows, 665s)
  generated cfg30301_fit (200000 rows, 49s)
  generated cfg30301_w2 (200000 rows, 24s)
config 30301 done (960s)
  generated cfg30302_b0 (1000000 rows, 222s)
  generated cfg30302_b1 (3000000 rows, 667s)
  generated cfg30302_fit (200000 rows, 45s)
  generated cfg30302_w2 (200000 rows, 23s)
config 30302 done (957s)
  generated cfg30303_b0 (1000000 rows, 225s)
  generated cfg30303_b1 (3000000 rows, 668s)
  generated cfg30303_fit (200000 rows, 53s)
  generated cfg30303_w2 (200000 rows, 26s)
config 30303 done (972s)
D2_PASS = True | stage: complete | gates: {"G_pins_loaded": true, "G_engine_inventory": true, "G_script_sha": true, "G_phaseC_members": true, "G_env_lock": true, "G_d1_trusted": true, "G_external_loader_sha": true, "G_crn_table": true, "G_bank_spec": true, "G_registry_bound": true, "G_calibration_bank_matches_a10": true, "G_family_reference": true, "G_all_configurations": true, "G_registry_saved": true}
