  generated ref_E2_b0 (1000000 rows, 108s)
  generated ref_E2_b1 (3000000 rows, 234s)
  generated ref_E2_fit (200000 rows, 16s)
  generated cfg20101_b0 (1000000 rows, 309s)
  generated cfg20101_b1 (3000000 rows, 634s)
  generated cfg20101_fit (200000 rows, 43s)
  generated cfg20101_w2 (200000 rows, 22s)
config 20101 done (1007s)
  generated cfg20102_b0 (1000000 rows, 215s)
  generated cfg20102_b1 (3000000 rows, 635s)
  generated cfg20102_fit (200000 rows, 43s)
  generated cfg20102_w2 (200000 rows, 22s)
config 20102 done (915s)
  generated cfg20103_b0 (1000000 rows, 208s)
  generated cfg20103_b1 (3000000 rows, 628s)
  generated cfg20103_fit (200000 rows, 43s)
  generated cfg20103_w2 (200000 rows, 21s)
config 20103 done (901s)
  generated cfg20201_b0 (1000000 rows, 212s)
  generated cfg20201_b1 (3000000 rows, 621s)
  generated cfg20201_fit (200000 rows, 48s)
  generated cfg20201_w2 (200000 rows, 22s)
config 20201 done (903s)
  generated cfg20202_b0 (1000000 rows, 207s)
  generated cfg20202_b1 (3000000 rows, 622s)
  generated cfg20202_fit (200000 rows, 42s)
  generated cfg20202_w2 (200000 rows, 22s)
config 20202 done (892s)
  generated cfg20203_b0 (1000000 rows, 204s)
  generated cfg20203_b1 (3000000 rows, 623s)
  generated cfg20203_fit (200000 rows, 44s)
  generated cfg20203_w2 (200000 rows, 27s)
config 20203 done (898s)
  generated cfg20301_b0 (1000000 rows, 205s)
  generated cfg20301_b1 (3000000 rows, 627s)
  generated cfg20301_fit (200000 rows, 43s)
  generated cfg20301_w2 (200000 rows, 21s)
config 20301 done (897s)
  generated cfg20302_b0 (1000000 rows, 206s)
  generated cfg20302_b1 (3000000 rows, 623s)
  generated cfg20302_fit (200000 rows, 43s)
  generated cfg20302_w2 (200000 rows, 21s)
config 20302 done (893s)
  generated cfg20303_b0 (1000000 rows, 211s)
  generated cfg20303_b1 (3000000 rows, 618s)
  generated cfg20303_fit (200000 rows, 49s)
  generated cfg20303_w2 (200000 rows, 21s)
config 20303 done (899s)
D2_PASS = True | stage: complete | gates: {"G_pins_loaded": true, "G_engine_inventory": true, "G_script_sha": true, "G_phaseC_members": true, "G_env_lock": true, "G_d1_trusted": true, "G_external_loader_sha": true, "G_crn_table": true, "G_bank_spec": true, "G_registry_bound": true, "G_calibration_bank_matches_a10": true, "G_family_reference": true, "G_all_configurations": true, "G_registry_saved": true}
