  generated ref_E8_b0 (1000000 rows, 121s)
  generated ref_E8_b1 (3000000 rows, 246s)
  generated ref_E8_fit (200000 rows, 18s)
  generated cfg40101_b0 (1000000 rows, 343s)
  generated cfg40101_b1 (3000000 rows, 667s)
  generated cfg40101_fit (200000 rows, 44s)
  generated cfg40101_w2 (200000 rows, 23s)
config 40101 done (1079s)
  generated cfg40102_b0 (1000000 rows, 232s)
  generated cfg40102_b1 (3000000 rows, 684s)
  generated cfg40102_fit (200000 rows, 45s)
  generated cfg40102_w2 (200000 rows, 24s)
config 40102 done (985s)
  generated cfg40103_b0 (1000000 rows, 220s)
  generated cfg40103_b1 (3000000 rows, 667s)
  generated cfg40103_fit (200000 rows, 48s)
  generated cfg40103_w2 (200000 rows, 26s)
config 40103 done (962s)
  generated cfg40201_b0 (1000000 rows, 224s)
  generated cfg40201_b1 (3000000 rows, 656s)
  generated cfg40201_fit (200000 rows, 45s)
  generated cfg40201_w2 (200000 rows, 22s)
config 40201 done (947s)
  generated cfg40202_b0 (1000000 rows, 217s)
  generated cfg40202_b1 (3000000 rows, 675s)
  generated cfg40202_fit (200000 rows, 44s)
  generated cfg40202_w2 (200000 rows, 28s)
config 40202 done (965s)
  generated cfg40203_b0 (1000000 rows, 218s)
  generated cfg40203_b1 (3000000 rows, 682s)
  generated cfg40203_fit (200000 rows, 47s)
  generated cfg40203_w2 (200000 rows, 25s)
config 40203 done (973s)
  generated cfg40301_b0 (1000000 rows, 221s)
  generated cfg40301_b1 (3000000 rows, 679s)
  generated cfg40301_fit (200000 rows, 50s)
  generated cfg40301_w2 (200000 rows, 26s)
config 40301 done (976s)
  generated cfg40302_b0 (1000000 rows, 235s)
  generated cfg40302_b1 (3000000 rows, 675s)
  generated cfg40302_fit (200000 rows, 46s)
  generated cfg40302_w2 (200000 rows, 24s)
config 40302 done (980s)
  generated cfg40303_b0 (1000000 rows, 223s)
  generated cfg40303_b1 (3000000 rows, 677s)
  generated cfg40303_fit (200000 rows, 57s)
  generated cfg40303_w2 (200000 rows, 26s)
config 40303 done (983s)
D2_PASS = True | stage: complete | gates: {"G_pins_loaded": true, "G_engine_inventory": true, "G_script_sha": true, "G_phaseC_members": true, "G_env_lock": true, "G_d1_trusted": true, "G_external_loader_sha": true, "G_crn_table": true, "G_bank_spec": true, "G_registry_bound": true, "G_calibration_bank_matches_a10": true, "G_family_reference": true, "G_all_configurations": true, "G_registry_saved": true}
