  generated E8_e1187c2289d2a168a (426s)
base 40104 E8/L1.00/pos3: intake PASS (426s)
  generated E8_36c9ff916ccc7ed57 (419s)
base 40105 E8/L1.00/pos4: intake PASS (419s)
  generated E8_e968bbd10e3242e09 (419s)
base 40106 E8/L1.00/pos5: intake PASS (419s)
  generated E8_b8dfb1f9178d8e31b (417s)
base 40107 E8/L1.00/pos6: intake PASS (418s)
  generated E8_8c05cf10ca50e03b8 (417s)
base 40108 E8/L1.00/pos7: intake PASS (417s)
  generated E8_8d2b6cff4d5f53fa9 (420s)
base 40109 E8/L1.00/pos8: intake PASS (420s)
  generated E8_3239a692f52b5de74 (416s)
base 40110 E8/L1.00/pos9: intake PASS (416s)
  generated E8_a7798ada48fbb31dd (418s)
base 40111 E8/L1.00/pos10: intake PASS (419s)
  generated E8_cafe57d960d8c9b12 (417s)
base 40112 E8/L1.00/pos11: intake PASS (417s)
  generated E8_be1c28e2a5b25d8b5 (415s)
PC-1 40104:glide_A: rel=7.471e-08 match (415s)
  generated E8_bb57814210eeda599 (418s)
PC-1 40104:glide_B: rel=7.820e-08 match (418s)
  generated E8_27e63fece85b3e8b2 (417s)
PC-1 40105:glide_A: rel=7.456e-08 match (417s)
  generated E8_3df6f64e54e3879dc (417s)
PC-1 40105:glide_B: rel=7.829e-08 match (417s)
  generated E8_4bc162500cd85702d (419s)
PC-1 40106:glide_A: rel=7.477e-08 match (419s)
  generated E8_ad235233389857141 (420s)
PC-1 40106:glide_B: rel=7.880e-08 match (420s)
  generated E8_2ac30cc432e8c8eba (418s)
PC-1 40107:glide_A: rel=7.554e-08 match (418s)
  generated E8_4d640cbc997547d7a (414s)
PC-1 40107:glide_B: rel=7.931e-08 match (415s)
  generated E8_44563e380ce6e868a (417s)
PC-1 40108:glide_A: rel=7.170e-08 match (417s)
  generated E8_29a0c1f93e7182a56 (415s)
PC-1 40108:glide_B: rel=7.578e-08 match (415s)
  generated E8_348558c98905ad8e3 (418s)
PC-1 40109:glide_A: rel=7.946e-08 match (418s)
  generated E8_c4532c430e28394c6 (417s)
PC-1 40109:glide_B: rel=8.293e-08 match (417s)
  generated E8_ab22f58b6bf0c204b (417s)
PC-1 40110:glide_A: rel=7.304e-08 match (417s)
  generated E8_d3104f2480d6555a3 (416s)
PC-1 40110:glide_B: rel=7.682e-08 match (417s)
  generated E8_fc694e1c0ad78ef25 (415s)
PC-1 40111:glide_A: rel=7.509e-08 match (415s)
  generated E8_7e98d22e7d76d2b58 (415s)
PC-1 40111:glide_B: rel=8.062e-08 match (415s)
  generated E8_77c9382198bd7b22d (416s)
PC-1 40112:glide_A: rel=7.237e-08 match (416s)
  generated E8_38f889d293c6bb7ba (417s)
PC-1 40112:glide_B: rel=7.635e-08 match (417s)
  generated E8_3d0d3b9e6ba0700e9 (421s)
PC-1 40101:glide_A: rel=7.264e-08 match (421s)
  generated E8_d0e19531355811cf7 (422s)
PC-1 40101:glide_B: rel=7.791e-08 match (422s)
  generated E8_048e7814154d1555f (419s)
PC-1 40102:glide_A: rel=7.032e-08 match (419s)
  generated E8_6fc8ff66c8a728136 (419s)
PC-1 40102:glide_B: rel=7.409e-08 match (419s)
  generated E8_e9538d2ad5c3b22c3 (423s)
PC-1 40103:glide_A: rel=7.558e-08 match (423s)
  generated E8_b2c05e5cc0dc0480b (421s)
PC-1 40103:glide_B: rel=8.075e-08 match (421s)
D3_PASS = True | stage: complete | gates: {"G_pins_loaded": true, "G_engine_inventory": true, "G_script_sha": true, "G_phaseC_members": true, "G_external_loader_sha": true, "G_a11_freeze_sha": true, "G_a11_generator_cell_sha": true, "G_env_lock": true, "G_ct_commit": true, "G_ct_origin": true, "G_ct_clean": true, "G_ct_dependencies_present": true, "G_registry_source_bound": true, "G_config_map_bound": true, "G_case_table_bound": true, "G_d1_trusted": true, "G_bridge_quadrature": true, "G_all_bases_generated": true, "G_all_base_intakes_pass": true, "G_all_cases_evaluated": true, "G_evidence_saved": true}
